---
http_interactions:
- request:
    method: post
    uri: https://api.twitter.com/oauth2/token
    body:
      encoding: UTF-8
      string: grant_type=client_credentials
    headers:
      Accept:
      - "*/*"
      User-Agent:
      - TwitterRubyGem/5.16.0
      Authorization:
      - Basic UEN2bzUwYW5HVXBVVUR1c0FQbWl1cnpqTTpuTEo4VGJYeFc2YVR5VDZxelpqalhCa01mOXVEOUNWUXpjVTlhWGdJV1A5WkRGTk9BSw==
      Content-Type:
      - application/x-www-form-urlencoded; charset=UTF-8
      Accept-Encoding:
      - gzip;q=1.0,deflate;q=0.6,identity;q=0.3
  response:
    status:
      code: 200
      message: OK
    headers:
      Cache-Control:
      - no-cache, no-store, must-revalidate, pre-check=0, post-check=0
      Content-Disposition:
      - attachment; filename=json.json
      Content-Length:
      - '154'
      Content-Type:
      - application/json;charset=utf-8
      Date:
      - Sat, 04 Jun 2016 18:23:43 GMT
      Expires:
      - Tue, 31 Mar 1981 05:00:00 GMT
      Last-Modified:
      - Sat, 04 Jun 2016 18:23:43 GMT
      Ml:
      - A
      Pragma:
      - no-cache
      Server:
      - tsa_b
      Set-Cookie:
      - guest_id=v1%3A146506462363300852; Domain=.twitter.com; Path=/; Expires=Mon,
        04-Jun-2018 18:23:43 UTC
      Status:
      - 200 OK
      Strict-Transport-Security:
      - max-age=631138519
      X-Connection-Hash:
      - adb8abcd89dadecdbf40860724ae7fc1
      X-Content-Type-Options:
      - nosniff
      X-Frame-Options:
      - DENY
      X-Response-Time:
      - '33'
      X-Transaction:
      - 4d9c716ba726cbca
      X-Tsa-Request-Body-Time:
      - '1'
      X-Twitter-Response-Tags:
      - BouncerCompliant
      X-Ua-Compatible:
      - IE=edge,chrome=1
      X-Xss-Protection:
      - 1; mode=block
    body:
      encoding: ASCII-8BIT
      string: '{"token_type":"bearer","access_token":"AAAAAAAAAAAAAAAAAAAAAPfmvAAAAAAAxuLnQIbL9WM5N3RJsBv%2BKM4fD%2B4%3D3SzoKa9kefI2w6PPiDb4kAzAmXwF7Ev2x3V4zHI9hXls3k39nX"}'
    http_version: 
  recorded_at: Sat, 04 Jun 2016 18:23:43 GMT
- request:
    method: get
    uri: https://api.twitter.com/1.1/lists/list.json
    body:
      encoding: US-ASCII
      string: ''
    headers:
      Accept:
      - application/json
      User-Agent:
      - TwitterRubyGem/5.16.0
      Authorization:
      - Bearer AAAAAAAAAAAAAAAAAAAAAPfmvAAAAAAAxuLnQIbL9WM5N3RJsBv%2BKM4fD%2B4%3D3SzoKa9kefI2w6PPiDb4kAzAmXwF7Ev2x3V4zHI9hXls3k39nX
      Accept-Encoding:
      - gzip;q=1.0,deflate;q=0.6,identity;q=0.3
  response:
    status:
      code: 400
      message: Bad Request
    headers:
      Cache-Control:
      - no-cache, no-store, must-revalidate, pre-check=0, post-check=0
      Content-Disposition:
      - attachment; filename=json.json
      Content-Length:
      - '100'
      Content-Type:
      - application/json;charset=utf-8
      Date:
      - Sat, 04 Jun 2016 18:23:43 GMT
      Expires:
      - Tue, 31 Mar 1981 05:00:00 GMT
      Last-Modified:
      - Sat, 04 Jun 2016 18:23:43 GMT
      Pragma:
      - no-cache
      Server:
      - tsa_b
      Set-Cookie:
      - guest_id=v1%3A146506462382420445; Domain=.twitter.com; Path=/; Expires=Mon,
        04-Jun-2018 18:23:43 UTC
      Status:
      - 400 Bad Request
      Strict-Transport-Security:
      - max-age=631138519
      X-Access-Level:
      - read
      X-Connection-Hash:
      - 549ccbcadcb3ac2115367a3b947ab23f
      X-Content-Type-Options:
      - nosniff
      X-Frame-Options:
      - SAMEORIGIN
      X-Rate-Limit-Limit:
      - '15'
      X-Rate-Limit-Remaining:
      - '14'
      X-Rate-Limit-Reset:
      - '1465065523'
      X-Response-Time:
      - '11'
      X-Transaction:
      - 90d6b2c1a5be5351
      X-Twitter-Response-Tags:
      - BouncerCompliant
      X-Xss-Protection:
      - 1; mode=block
    body:
      encoding: ASCII-8BIT
      string: '{"errors":[{"code":113,"message":"You must specify a user or authenticate."}]}'
    http_version: 
  recorded_at: Sat, 04 Jun 2016 18:23:43 GMT
- request:
    method: get
    uri: https://api.twitter.com/1.1/lists/list.json?user_id=711995065347006465
    body:
      encoding: US-ASCII
      string: ''
    headers:
      Accept:
      - application/json
      User-Agent:
      - TwitterRubyGem/5.16.0
      Authorization:
      - Bearer AAAAAAAAAAAAAAAAAAAAAPfmvAAAAAAAxuLnQIbL9WM5N3RJsBv%2BKM4fD%2B4%3D3SzoKa9kefI2w6PPiDb4kAzAmXwF7Ev2x3V4zHI9hXls3k39nX
      Accept-Encoding:
      - gzip;q=1.0,deflate;q=0.6,identity;q=0.3
  response:
    status:
      code: 200
      message: OK
    headers:
      Cache-Control:
      - no-cache, no-store, must-revalidate, pre-check=0, post-check=0
      Content-Disposition:
      - attachment; filename=json.json
      Content-Length:
      - '627'
      Content-Type:
      - application/json;charset=utf-8
      Date:
      - Sun, 05 Jun 2016 18:03:59 GMT
      Expires:
      - Tue, 31 Mar 1981 05:00:00 GMT
      Last-Modified:
      - Sun, 05 Jun 2016 18:03:59 GMT
      Pragma:
      - no-cache
      Server:
      - tsa_b
      Set-Cookie:
      - guest_id=v1%3A146514983908744095; Domain=.twitter.com; Path=/; Expires=Tue,
        05-Jun-2018 18:03:59 UTC
      Status:
      - 200 OK
      Strict-Transport-Security:
      - max-age=631138519
      X-Access-Level:
      - read
      X-Connection-Hash:
      - 3d28773bb3f9c2fb622b7dfce6be0a21
      X-Content-Type-Options:
      - nosniff
      X-Frame-Options:
      - SAMEORIGIN
      X-Rate-Limit-Limit:
      - '15'
      X-Rate-Limit-Remaining:
      - '14'
      X-Rate-Limit-Reset:
      - '1465150739'
      X-Response-Time:
      - '29'
      X-Transaction:
      - cb06bc625a5d074d
      X-Twitter-Response-Tags:
      - BouncerCompliant
      X-Xss-Protection:
      - 1; mode=block
    body:
      encoding: ASCII-8BIT
      string: '[{"id":737320628215111680,"id_str":"737320628215111680","name":"Mike
        ","uri":"\/mjr_tts\/lists\/mike","subscriber_count":0,"member_count":5,"mode":"public","description":"","slug":"mike","full_name":"@mjr_tts\/mike","created_at":"Mon
        May 30 16:31:51 +0000 2016","following":false,"user":{"id":711995065347006465,"id_str":"711995065347006465","name":"test
        less","screen_name":"mjr_tts","location":"","description":"","url":null,"entities":{"description":{"urls":[]}},"protected":false,"followers_count":6,"friends_count":10,"listed_count":0,"created_at":"Mon
        Mar 21 19:17:06 +0000 2016","favourites_count":1,"utc_offset":null,"time_zone":null,"geo_enabled":false,"verified":false,"statuses_count":24,"lang":"en","contributors_enabled":false,"is_translator":false,"is_translation_enabled":false,"profile_background_color":"F5F8FA","profile_background_image_url":null,"profile_background_image_url_https":null,"profile_background_tile":false,"profile_image_url":"http:\/\/abs.twimg.com\/sticky\/default_profile_images\/default_profile_3_normal.png","profile_image_url_https":"https:\/\/abs.twimg.com\/sticky\/default_profile_images\/default_profile_3_normal.png","profile_link_color":"2B7BB9","profile_sidebar_border_color":"C0DEED","profile_sidebar_fill_color":"DDEEF6","profile_text_color":"333333","profile_use_background_image":true,"has_extended_profile":false,"default_profile":true,"default_profile_image":true,"following":null,"follow_request_sent":null,"notifications":null}}]'
    http_version: 
  recorded_at: Sun, 05 Jun 2016 18:03:59 GMT
- request:
    method: post
    uri: https://api.twitter.com/1.1/lists/create.json
    body:
      encoding: UTF-8
      string: name=mikes+list
    headers:
      Accept:
      - application/json
      User-Agent:
      - TwitterRubyGem/5.16.0
      Authorization:
      - OAuth oauth_consumer_key="PCvo50anGUpUUDusAPmiurzjM", oauth_nonce="1d9cd5cb4c9c756428054931fa000e79",
        oauth_signature="Qtil2XtnletmOkNpyZGE%2FIc4T%2Fw%3D", oauth_signature_method="HMAC-SHA1",
        oauth_timestamp="1465149839", oauth_token="711995065347006465-JLJWrBLyfySojWUz1C7mwaqx37Qv7vQ",
        oauth_version="1.0"
      Content-Type:
      - application/x-www-form-urlencoded
      Accept-Encoding:
      - gzip;q=1.0,deflate;q=0.6,identity;q=0.3
  response:
    status:
      code: 200
      message: OK
    headers:
      Cache-Control:
      - no-cache, no-store, must-revalidate, pre-check=0, post-check=0
      Content-Disposition:
      - attachment; filename=json.json
      Content-Length:
      - '634'
      Content-Type:
      - application/json;charset=utf-8
      Date:
      - Sun, 05 Jun 2016 18:03:59 GMT
      Expires:
      - Tue, 31 Mar 1981 05:00:00 GMT
      Last-Modified:
      - Sun, 05 Jun 2016 18:03:59 GMT
      Pragma:
      - no-cache
      Server:
      - tsa_b
      Set-Cookie:
      - guest_id=v1%3A146514983927528679; Domain=.twitter.com; Path=/; Expires=Tue,
        05-Jun-2018 18:03:59 UTC
      - lang=en; Path=/
      Status:
      - 200 OK
      Strict-Transport-Security:
      - max-age=631138519
      X-Access-Level:
      - read-write-directmessages
      X-Connection-Hash:
      - a956c7b800bf8ad4be86dfff7b8aa3cb
      X-Content-Type-Options:
      - nosniff
      X-Frame-Options:
      - SAMEORIGIN
      X-Response-Time:
      - '46'
      X-Transaction:
      - 68b0ad679f4221df
      X-Tsa-Request-Body-Time:
      - '0'
      X-Twitter-Response-Tags:
      - BouncerCompliant
      X-Xss-Protection:
      - 1; mode=block
    body:
      encoding: ASCII-8BIT
      string: '{"id":739518142012084224,"id_str":"739518142012084224","name":"mikes
        list","uri":"\/mjr_tts\/lists\/mikes-list","subscriber_count":0,"member_count":0,"mode":"public","description":"","slug":"mikes-list","full_name":"@mjr_tts\/mikes-list","created_at":"Sun
        Jun 05 18:03:59 +0000 2016","following":false,"user":{"id":711995065347006465,"id_str":"711995065347006465","name":"test
        less","screen_name":"mjr_tts","location":"","description":"","url":null,"entities":{"description":{"urls":[]}},"protected":false,"followers_count":6,"friends_count":10,"listed_count":0,"created_at":"Mon
        Mar 21 19:17:06 +0000 2016","favourites_count":1,"utc_offset":null,"time_zone":null,"geo_enabled":false,"verified":false,"statuses_count":24,"lang":"en","contributors_enabled":false,"is_translator":false,"is_translation_enabled":false,"profile_background_color":"F5F8FA","profile_background_image_url":null,"profile_background_image_url_https":null,"profile_background_tile":false,"profile_image_url":"http:\/\/abs.twimg.com\/sticky\/default_profile_images\/default_profile_3_normal.png","profile_image_url_https":"https:\/\/abs.twimg.com\/sticky\/default_profile_images\/default_profile_3_normal.png","profile_link_color":"2B7BB9","profile_sidebar_border_color":"C0DEED","profile_sidebar_fill_color":"DDEEF6","profile_text_color":"333333","profile_use_background_image":true,"has_extended_profile":false,"default_profile":true,"default_profile_image":true,"following":false,"follow_request_sent":false,"notifications":false}}'
    http_version: 
  recorded_at: Sun, 05 Jun 2016 18:03:59 GMT
recorded_with: VCR 3.0.1
